▲ Next.js 16.3.0 (Turbopack)
✓ Running next.config.js took 180ms

  Creating an optimized production build ...
✓ Compiled successfully in 2.5min
  Running TypeScript ...
  Finished TypeScript in 13.4s ...
  Collecting page data using 7 workers ...
  Generating static pages using 7 workers (0/9) ...
  Generating static pages using 7 workers (2/9) 
  Generating static pages using 7 workers (4/9) 
  Generating static pages using 7 workers (6/9) 
✓ Generating static pages using 7 workers (9/9) in 2.1s
  Finalizing page optimization ...

Route (app)
┌ ○ /
├ ○ /_not-found
├ ƒ /api/onemap-route
├ ƒ /api/onemap-search
├ ○ /icon.svg
├ ○ /qa-global-fault
├ ○ /robots.txt
└ ○ /sitemap.xml


○  (Static)   prerendered as static content
ƒ  (Dynamic)  server-rendered on demand

{"built":true,"retention":{"manifestSha256":"3857d143ec044900b9bf397b581759fa47719f602c3358e85ab81c9bb3660cbb","buildId":"ZHqFMae_a9ROgk43z7fv8","retainedBuildIds":["e8Hlhkml4c3i_uMGJdd3P"],"files":29,"bytes":5786770}}
