{
  "generated_at": "2026-08-10T18:39:33.265Z",
  "url": "http://127.0.0.1:3110/",
  "input_mode": "keyboard",
  "expected_state": "scored",
  "transit_mode": "best_transit",
  "route_mode": "shiokest",
  "must_include": [],
  "postals": [
    "560231",
    "560234",
    "570234"
  ],
  "result_count": 3,
  "results": [
    {
      "postal": "560231",
      "input_mode": "keyboard",
      "expected_state": "scored",
      "transit_mode": "best_transit",
      "route_mode": "shiokest",
      "must_include": [],
      "screenshots": [],
      "score_panel_excerpt": [
        "Postal 560231",
        "",
        "Mayflower Sec Sch",
        "",
        "97/100",
        "⋯",
        "Best transit",
        "MRT/LRT",
        "Bus",
        "Shiokest",
        "Shortest (same)",
        "Exposed",
        "HDB inferred",
        "Bridge/underpass",
        "MRT/LRT",
        "Bus stop",
        "HDB inferred 95 m",
        "Audited shelter 72 m",
        "OSM covered 12 m",
        "Exposed 9 m",
        "Mode",
        "Balanced",
        "Rain + AM",
        "Rain + PM",
        "Sunny + AM",
        "Sunny + PM",
        "Sunny midday",
        "Balanced scoring with scheduled buses",
        "Shiokest walk",
        "194 m",
        "Sheltered",
        "92%"
      ],
      "map_label": "Route evidence map for Postal 560231, showing Shiokest route",
      "map_summary": "Route evidence for Postal 560231. Showing 9 Shiokest segments, 3 exposed gaps, and 3 MRT or LRT stations, 15 exits, and 92 bus stops.",
      "active_transit_mode": "Best transit",
      "active_route_mode": "",
      "metrics": {
        "viewportWidth": 390,
        "viewportHeight": 667,
        "cardBottom": 678.890625,
        "viewportBottom": 667,
        "detailsVisible": true,
        "overlayClientHeight": 519,
        "overlayScrollHeight": 533
      },
      "checks": {
        "score_panel_loaded": true,
        "pending_badge_absent": true,
        "map_has_text_equivalent": true,
        "short_mobile_card_bottom_visible": true,
        "keyboard_search_used": true,
        "transit_mode_selected": true,
        "route_mode_selected": true,
        "required_text_present": true,
        "score_has_max_denominator": true,
        "transit_legend_present": true,
        "route_mode_present": true
      },
      "ok": true
    },
    {
      "postal": "560234",
      "input_mode": "keyboard",
      "expected_state": "scored",
      "transit_mode": "best_transit",
      "route_mode": "shiokest",
      "must_include": [],
      "screenshots": [],
      "score_panel_excerpt": [
        "Postal 560234",
        "",
        "Mayflower MRT Station Exit 5",
        "",
        "70/100",
        "⋯",
        "Best transit",
        "MRT/LRT",
        "Bus",
        "Shiokest",
        "Shortest",
        "Exposed",
        "HDB inferred",
        "Bridge/underpass",
        "MRT/LRT",
        "Bus stop",
        "Exposed 302 m",
        "HDB inferred 233 m",
        "OSM covered 65 m",
        "Audited shelter 17 m",
        "Mode",
        "Balanced",
        "Rain + AM",
        "Rain + PM",
        "Sunny + AM",
        "Sunny + PM",
        "Sunny midday",
        "Balanced scoring with scheduled buses",
        "Shiokest walk",
        "649 m",
        "Sheltered",
        "50%"
      ],
      "map_label": "Route evidence map for Postal 560234, showing Shiokest route",
      "map_summary": "Route evidence for Postal 560234. Showing 16 Shiokest segments, 4 exposed gaps, and 5 MRT or LRT stations, 23 exits, and 125 bus stops.",
      "active_transit_mode": "Best transit",
      "active_route_mode": "Shiokest",
      "metrics": {
        "viewportWidth": 390,
        "viewportHeight": 667,
        "cardBottom": 701.28125,
        "viewportBottom": 667,
        "detailsVisible": true,
        "overlayClientHeight": 519,
        "overlayScrollHeight": 555
      },
      "checks": {
        "score_panel_loaded": true,
        "pending_badge_absent": true,
        "map_has_text_equivalent": true,
        "short_mobile_card_bottom_visible": true,
        "keyboard_search_used": true,
        "transit_mode_selected": true,
        "route_mode_selected": true,
        "required_text_present": true,
        "score_has_max_denominator": true,
        "transit_legend_present": true,
        "route_mode_present": true
      },
      "ok": true
    },
    {
      "postal": "570234",
      "input_mode": "keyboard",
      "expected_state": "scored",
      "transit_mode": "best_transit",
      "route_mode": "shiokest",
      "must_include": [],
      "screenshots": [],
      "score_panel_excerpt": [
        "Postal 570234",
        "",
        "Opp Bishan Nth Shop Mall",
        "",
        "96/100",
        "⋯",
        "Best transit",
        "MRT/LRT",
        "Bus",
        "Shiokest",
        "Shortest (same)",
        "Exposed",
        "HDB inferred",
        "Bridge/underpass",
        "MRT/LRT",
        "Bus stop",
        "HDB inferred 101 m",
        "OSM covered 18 m",
        "Transit connector 8 m",
        "Postal connector 5 m",
        "Mode",
        "Balanced",
        "Rain + AM",
        "Rain + PM",
        "Sunny + AM",
        "Sunny + PM",
        "Sunny midday",
        "Balanced scoring with scheduled buses",
        "Shiokest walk",
        "131 m",
        "Sheltered",
        "91%"
      ],
      "map_label": "Route evidence map for Postal 570234, showing Shiokest route",
      "map_summary": "Route evidence for Postal 570234. Showing 7 Shiokest segments, 2 exposed gaps, and 3 MRT or LRT stations, 13 exits, and 88 bus stops.",
      "active_transit_mode": "Best transit",
      "active_route_mode": "",
      "metrics": {
        "viewportWidth": 390,
        "viewportHeight": 667,
        "cardBottom": 678.890625,
        "viewportBottom": 667,
        "detailsVisible": true,
        "overlayClientHeight": 519,
        "overlayScrollHeight": 533
      },
      "checks": {
        "score_panel_loaded": true,
        "pending_badge_absent": true,
        "map_has_text_equivalent": true,
        "short_mobile_card_bottom_visible": true,
        "keyboard_search_used": true,
        "transit_mode_selected": true,
        "route_mode_selected": true,
        "required_text_present": true,
        "score_has_max_denominator": true,
        "transit_legend_present": true,
        "route_mode_present": true
      },
      "ok": true
    }
  ],
  "ok": true
}

--- stderr ---
npm notice run shiok-web@0.1.0 qa:browser
npm notice run node scripts/browser-smoke.mjs --url http://127.0.0.1:3110/ --postals 560231,560234,570234 --out ..\qa\browser_smoke_launch_multi_20260811_023759.json
