{
  "generated_at": "2026-08-10T18:40:08.555Z",
  "url": "http://127.0.0.1:3110/",
  "input_mode": "keyboard",
  "expected_state": "scored",
  "transit_mode": "mrt_lrt",
  "route_mode": "shiokest",
  "must_include": [
    "Mayflower MRT Station"
  ],
  "postal": "560231",
  "screenshots": [],
  "score_panel_excerpt": [
    "Postal 560231",
    "",
    "Mayflower MRT Station Exit 5",
    "",
    "71/100",
    "⋯",
    "Best transit",
    "MRT/LRT",
    "Bus",
    "Shiokest",
    "Shortest (same)",
    "Exposed",
    "HDB inferred",
    "Bridge/underpass",
    "MRT/LRT",
    "Bus stop",
    "Exposed 293 m",
    "HDB inferred 125 m",
    "Transit connector 12 m",
    "Bridge/underpass 8 m",
    "Mode",
    "Balanced",
    "Rain + AM",
    "Rain + PM",
    "Sunny + AM",
    "Sunny + PM",
    "Sunny midday",
    "Balanced scoring with scheduled buses",
    "Shiokest walk",
    "440 m",
    "Sheltered",
    "30%"
  ],
  "map_label": "Route evidence map for Postal 560231, showing Shiokest route",
  "map_summary": "Route evidence for Postal 560231. Showing 8 Shiokest segments, 3 exposed gaps, and 3 MRT or LRT stations, 15 exits, and 92 bus stops.",
  "active_transit_mode": "MRT/LRT",
  "active_route_mode": "",
  "metrics": {
    "viewportWidth": 390,
    "viewportHeight": 667,
    "cardBottom": 678.890625,
    "viewportBottom": 667,
    "detailsVisible": true,
    "overlayClientHeight": 519,
    "overlayScrollHeight": 533
  },
  "checks": {
    "score_panel_loaded": true,
    "pending_badge_absent": true,
    "map_has_text_equivalent": true,
    "short_mobile_card_bottom_visible": true,
    "keyboard_search_used": true,
    "transit_mode_selected": true,
    "route_mode_selected": true,
    "required_text_present": true,
    "score_has_max_denominator": true,
    "transit_legend_present": true,
    "route_mode_present": true
  },
  "ok": true
}

--- stderr ---
npm notice run shiok-web@0.1.0 qa:browser
npm notice run node scripts/browser-smoke.mjs --url http://127.0.0.1:3110/ --postal 560231 --transit-mode mrt_lrt --must-include Mayflower MRT Station --out ..\qa\browser_smoke_mayflower_mrt_560231_20260811_023759.json --debug-port 3209
