▲ Next.js 16.3.0 (Turbopack)
✓ Running next.config.js took 76ms

  Creating an optimized production build ...
✓ Compiled successfully in 22.4s
  Running TypeScript ...
  Finished TypeScript in 10.1s ...
  Collecting page data using 7 workers ...
  Generating static pages using 7 workers (0/8) ...
  Generating static pages using 7 workers (2/8) 
  Generating static pages using 7 workers (4/8) 
  Generating static pages using 7 workers (6/8) 
✓ Generating static pages using 7 workers (8/8) in 6.7s
  Finalizing page optimization ...

Route (app)
┌ ○ /
├ ○ /_not-found
├ ƒ /api/onemap-route
├ ƒ /api/onemap-search
├ ○ /icon.svg
├ ○ /robots.txt
└ ○ /sitemap.xml


○  (Static)   prerendered as static content
ƒ  (Dynamic)  server-rendered on demand

