npm error code ERESOLVE
npm error ERESOLVE could not resolve
npm error
npm error While resolving: @types/react-dom@18.3.7
npm error Found: @types/react@19.2.18
npm error node_modules/@types/react
npm error   dev @types/react@"^19.2.18" from the root project
npm error
npm error Could not resolve dependency:
npm error peer @types/react@"^18.0.0" from @types/react-dom@18.3.7
npm error node_modules/@types/react-dom
npm error   dev @types/react-dom@"^18.3.0" from the root project
npm error
npm error Conflicting peer dependency: @types/react@18.3.31
npm error node_modules/@types/react
npm error   peer @types/react@"^18.0.0" from @types/react-dom@18.3.7
npm error   node_modules/@types/react-dom
npm error     dev @types/react-dom@"^18.3.0" from the root project
npm error
npm error Fix the upstream dependency conflict, or retry this command with --force or --legacy-peer-deps to accept an incorrect (and potentially broken) dependency resolution.
npm error
npm error
npm error For a full report see:
npm error [redacted-local-npm-cache]\2026-08-10T18_31_46_574Z-eresolve-report.txt
npm error A complete log of this run can be found in: [redacted-local-npm-cache]\2026-08-10T18_31_46_574Z-debug-0.log
