PASS current route screenshot loaded-390x844 {"count":4,"key":"1:shiokest:primary","basemapLoaded":true}
PASS layout 390x844 
PASS current route screenshot loaded-390x667 {"count":4,"key":"1:shiokest:primary","basemapLoaded":true}
PASS layout 390x667 
PASS current route screenshot loaded-320x667 {"count":4,"key":"1:shiokest:primary","basemapLoaded":true}
PASS layout 320x667 
PASS current route screenshot loaded-1440x950 {"count":4,"key":"1:shiokest:primary","basemapLoaded":true}
PASS layout 1440x950 
PASS gap focus leaves route sources unchanged [{"at":23419.699999928474,"source":"active-exposure-gap","objectId":18,"count":1},{"at":23492.899999976158,"source":"lamp-posts","objectId":19,"count":0}]
PASS current route screenshot gap-focused {"count":4,"key":"1:shiokest:primary","basemapLoaded":true}
PASS lamp toggle leaves route sources unchanged [{"at":26499.299999952316,"source":"lamp-posts","objectId":20,"count":1180}]
Error: Object reference chain is too long
    at ws.onmessage (file:///C:/sgSHIOK2026/qa/revamp-r1/direct-visual-20260908/verify.mjs:84:100)
    at [nodejs.internal.kHybridDispatch] (node:internal/event_target:856:20)
    at WebSocket.dispatchEvent (node:internal/event_target:789:26)
    at fireEvent (node:internal/deps/undici/undici:15024:14)
    at #onMessage (node:internal/deps/undici/undici:16341:9)
    at Object.onMessage (node:internal/deps/undici/undici:16049:76)
    at websocketMessageReceived (node:internal/deps/undici/undici:15028:15)
    at node:internal/deps/undici/undici:15751:21
    at node:internal/deps/undici/undici:15531:11
    at afterWrite (node:internal/streams/writable:710:5)
