Traceback (most recent call last):
  File "C:\sgSHIOK2026\.venv\Lib\site-packages\_pytest\main.py", line 330, in wrap_session
    session.exitstatus = doit(config, session) or 0
                         ^^^^^^^^^^^^^^^^^^^^^
  File "C:\sgSHIOK2026\.venv\Lib\site-packages\_pytest\main.py", line 384, in _main
    config.hook.pytest_runtestloop(session=session)
  File "C:\sgSHIOK2026\.venv\Lib\site-packages\pluggy\_hooks.py", line 512, in __call__
    return self._hookexec(self.name, self._hookimpls.copy(), kwargs, firstresult)
           ^^^^^^^^^^^^^^^^^^^^^^^^^^^^^^^^^^^^^^^^^^^^^^^^^^^^^^^^^^^^^^^^^^^^^^
  File "C:\sgSHIOK2026\.venv\Lib\site-packages\pluggy\_manager.py", line 120, in _hookexec
    return self._inner_hookexec(hook_name, methods, kwargs, firstresult)
           ^^^^^^^^^^^^^^^^^^^^^^^^^^^^^^^^^^^^^^^^^^^^^^^^^^^^^^^^^^^^^
  File "C:\sgSHIOK2026\.venv\Lib\site-packages\pluggy\_callers.py", line 167, in _multicall
    raise exception
  File "C:\sgSHIOK2026\.venv\Lib\site-packages\pluggy\_callers.py", line 139, in _multicall
    teardown.throw(exception)
  File "C:\sgSHIOK2026\.venv\Lib\site-packages\_pytest\logging.py", line 816, in pytest_runtestloop
    return (yield)  # Run all the tests.
            ^^^^^
  File "C:\sgSHIOK2026\.venv\Lib\site-packages\pluggy\_callers.py", line 139, in _multicall
    teardown.throw(exception)
  File "C:\sgSHIOK2026\.venv\Lib\site-packages\_pytest\terminal.py", line 708, in pytest_runtestloop
    result = yield
             ^^^^^
  File "C:\sgSHIOK2026\.venv\Lib\site-packages\pluggy\_callers.py", line 121, in _multicall
    res = hook_impl.function(*args)
          ^^^^^^^^^^^^^^^^^^^^^^^^^
  File "C:\sgSHIOK2026\.venv\Lib\site-packages\_pytest\main.py", line 408, in pytest_runtestloop
    item.config.hook.pytest_runtest_protocol(item=item, nextitem=nextitem)
  File "C:\sgSHIOK2026\.venv\Lib\site-packages\pluggy\_hooks.py", line 512, in __call__
    return self._hookexec(self.name, self._hookimpls.copy(), kwargs, firstresult)
           ^^^^^^^^^^^^^^^^^^^^^^^^^^^^^^^^^^^^^^^^^^^^^^^^^^^^^^^^^^^^^^^^^^^^^^
  File "C:\sgSHIOK2026\.venv\Lib\site-packages\pluggy\_manager.py", line 120, in _hookexec
    return self._inner_hookexec(hook_name, methods, kwargs, firstresult)
           ^^^^^^^^^^^^^^^^^^^^^^^^^^^^^^^^^^^^^^^^^^^^^^^^^^^^^^^^^^^^^
  File "C:\sgSHIOK2026\.venv\Lib\site-packages\pluggy\_callers.py", line 167, in _multicall
    raise exception
  File "C:\sgSHIOK2026\.venv\Lib\site-packages\pluggy\_callers.py", line 139, in _multicall
    teardown.throw(exception)
  File "C:\sgSHIOK2026\.venv\Lib\site-packages\_pytest\warnings.py", line 90, in pytest_runtest_protocol
    return (yield)
            ^^^^^
  File "C:\sgSHIOK2026\.venv\Lib\site-packages\pluggy\_callers.py", line 139, in _multicall
    teardown.throw(exception)
  File "C:\sgSHIOK2026\.venv\Lib\site-packages\_pytest\assertion\__init__.py", line 205, in pytest_runtest_protocol
    return (yield)
            ^^^^^
  File "C:\sgSHIOK2026\.venv\Lib\site-packages\pluggy\_callers.py", line 139, in _multicall
    teardown.throw(exception)
  File "C:\sgSHIOK2026\.venv\Lib\site-packages\_pytest\unittest.py", line 612, in pytest_runtest_protocol
    return (yield)
            ^^^^^
  File "C:\sgSHIOK2026\.venv\Lib\site-packages\pluggy\_callers.py", line 139, in _multicall
    teardown.throw(exception)
  File "C:\sgSHIOK2026\.venv\Lib\site-packages\_pytest\faulthandler.py", line 102, in pytest_runtest_protocol
    return (yield)
            ^^^^^
  File "C:\sgSHIOK2026\.venv\Lib\site-packages\pluggy\_callers.py", line 121, in _multicall
    res = hook_impl.function(*args)
          ^^^^^^^^^^^^^^^^^^^^^^^^^
  File "C:\sgSHIOK2026\.venv\Lib\site-packages\_pytest\runner.py", line 118, in pytest_runtest_protocol
    runtestprotocol(item, nextitem=nextitem)
  File "C:\sgSHIOK2026\.venv\Lib\site-packages\_pytest\runner.py", line 139, in runtestprotocol
    reports.append(call_and_report(item, "call", log))
                   ^^^^^^^^^^^^^^^^^^^^^^^^^^^^^^^^^^
  File "C:\sgSHIOK2026\.venv\Lib\site-packages\_pytest\runner.py", line 256, in call_and_report
    ihook.pytest_runtest_logreport(report=report)
  File "C:\sgSHIOK2026\.venv\Lib\site-packages\pluggy\_hooks.py", line 512, in __call__
    return self._hookexec(self.name, self._hookimpls.copy(), kwargs, firstresult)
           ^^^^^^^^^^^^^^^^^^^^^^^^^^^^^^^^^^^^^^^^^^^^^^^^^^^^^^^^^^^^^^^^^^^^^^
  File "C:\sgSHIOK2026\.venv\Lib\site-packages\pluggy\_manager.py", line 120, in _hookexec
    return self._inner_hookexec(hook_name, methods, kwargs, firstresult)
           ^^^^^^^^^^^^^^^^^^^^^^^^^^^^^^^^^^^^^^^^^^^^^^^^^^^^^^^^^^^^^
  File "C:\sgSHIOK2026\.venv\Lib\site-packages\pluggy\_callers.py", line 167, in _multicall
    raise exception
  File "C:\sgSHIOK2026\.venv\Lib\site-packages\pluggy\_callers.py", line 121, in _multicall
    res = hook_impl.function(*args)
          ^^^^^^^^^^^^^^^^^^^^^^^^^
  File "C:\sgSHIOK2026\.venv\Lib\site-packages\_pytest\junitxml.py", line 592, in pytest_runtest_logreport
    reporter.append_failure(report)
  File "C:\sgSHIOK2026\.venv\Lib\site-packages\_pytest\junitxml.py", line 205, in append_failure
    self._add_simple("failure", message, str(report.longrepr))
                                         ^^^^^^^^^^^^^^^^^^^^
  File "C:\sgSHIOK2026\.venv\Lib\site-packages\_pytest\_code\code.py", line 1258, in __str__
    tw = TerminalWriter(file=io)
         ^^^^^^^^^^^^^^^^^^^^^^^
  File "C:\sgSHIOK2026\.venv\Lib\site-packages\_pytest\_io\terminalwriter.py", line 87, in __init__
    self.hasmarkup = should_do_markup(file)
                     ^^^^^^^^^^^^^^^^^^^^^^
  File "C:\sgSHIOK2026\.venv\Lib\site-packages\_pytest\_io\terminalwriter.py", line 37, in should_do_markup
    if os.environ.get("PY_COLORS") == "1":
       ^^^^^^^^^^^^^^^^^^^^^^^^^^^
  File "C:\sgSHIOK2026\tests\test_source_metadata_cli.py", line 46, in get
    forbidden()
  File "C:\sgSHIOK2026\tests\test_source_metadata_cli.py", line 42, in forbidden
    raise AssertionError("Invalid CLI initialization must not construct a client or run")
AssertionError: Invalid CLI initialization must not construct a client or run
System.Management.Automation.RemoteException
During handling of the above exception, another exception occurred:
System.Management.Automation.RemoteException
Traceback (most recent call last):
  File "<frozen runpy>", line 198, in _run_module_as_main
  File "<frozen runpy>", line 88, in _run_code
  File "C:\sgSHIOK2026\.venv\Lib\site-packages\pytest\__main__.py", line 9, in <module>
    raise SystemExit(_console_main())
                     ^^^^^^^^^^^^^^^
  File "C:\sgSHIOK2026\.venv\Lib\site-packages\_pytest\config\__init__.py", line 253, in _console_main
    code = _main(prog=_get_prog_name(sys.argv))
           ^^^^^^^^^^^^^^^^^^^^^^^^^^^^^^^^^^^^
  File "C:\sgSHIOK2026\.venv\Lib\site-packages\_pytest\config\__init__.py", line 229, in _main
    ret: ExitCode | int = config.hook.pytest_cmdline_main(config=config)
                          ^^^^^^^^^^^^^^^^^^^^^^^^^^^^^^^^^^^^^^^^^^^^^^
  File "C:\sgSHIOK2026\.venv\Lib\site-packages\pluggy\_hooks.py", line 512, in __call__
    return self._hookexec(self.name, self._hookimpls.copy(), kwargs, firstresult)
           ^^^^^^^^^^^^^^^^^^^^^^^^^^^^^^^^^^^^^^^^^^^^^^^^^^^^^^^^^^^^^^^^^^^^^^
  File "C:\sgSHIOK2026\.venv\Lib\site-packages\pluggy\_manager.py", line 120, in _hookexec
    return self._inner_hookexec(hook_name, methods, kwargs, firstresult)
           ^^^^^^^^^^^^^^^^^^^^^^^^^^^^^^^^^^^^^^^^^^^^^^^^^^^^^^^^^^^^^
  File "C:\sgSHIOK2026\.venv\Lib\site-packages\pluggy\_callers.py", line 167, in _multicall
    raise exception
  File "C:\sgSHIOK2026\.venv\Lib\site-packages\pluggy\_callers.py", line 121, in _multicall
    res = hook_impl.function(*args)
          ^^^^^^^^^^^^^^^^^^^^^^^^^
  File "C:\sgSHIOK2026\.venv\Lib\site-packages\_pytest\main.py", line 377, in pytest_cmdline_main
    return wrap_session(config, _main)
           ^^^^^^^^^^^^^^^^^^^^^^^^^^^
  File "C:\sgSHIOK2026\.venv\Lib\site-packages\_pytest\main.py", line 350, in wrap_session
    config.notify_exception(excinfo, config.option)
  File "C:\sgSHIOK2026\.venv\Lib\site-packages\_pytest\config\__init__.py", line 1267, in notify_exception
    res = self.hook.pytest_internalerror(excrepr=excrepr, excinfo=excinfo)
          ^^^^^^^^^^^^^^^^^^^^^^^^^^^^^^^^^^^^^^^^^^^^^^^^^^^^^^^^^^^^^^^^
  File "C:\sgSHIOK2026\.venv\Lib\site-packages\pluggy\_hooks.py", line 512, in __call__
    return self._hookexec(self.name, self._hookimpls.copy(), kwargs, firstresult)
           ^^^^^^^^^^^^^^^^^^^^^^^^^^^^^^^^^^^^^^^^^^^^^^^^^^^^^^^^^^^^^^^^^^^^^^
  File "C:\sgSHIOK2026\.venv\Lib\site-packages\pluggy\_manager.py", line 120, in _hookexec
    return self._inner_hookexec(hook_name, methods, kwargs, firstresult)
           ^^^^^^^^^^^^^^^^^^^^^^^^^^^^^^^^^^^^^^^^^^^^^^^^^^^^^^^^^^^^^
  File "C:\sgSHIOK2026\.venv\Lib\site-packages\pluggy\_callers.py", line 167, in _multicall
    raise exception
  File "C:\sgSHIOK2026\.venv\Lib\site-packages\pluggy\_callers.py", line 121, in _multicall
    res = hook_impl.function(*args)
          ^^^^^^^^^^^^^^^^^^^^^^^^^
  File "C:\sgSHIOK2026\.venv\Lib\site-packages\_pytest\terminal.py", line 581, in pytest_internalerror
    for line in str(excrepr).split("\n"):
                ^^^^^^^^^^^^
  File "C:\sgSHIOK2026\.venv\Lib\site-packages\_pytest\_code\code.py", line 1258, in __str__
    tw = TerminalWriter(file=io)
         ^^^^^^^^^^^^^^^^^^^^^^^
  File "C:\sgSHIOK2026\.venv\Lib\site-packages\_pytest\_io\terminalwriter.py", line 87, in __init__
    self.hasmarkup = should_do_markup(file)
                     ^^^^^^^^^^^^^^^^^^^^^^
  File "C:\sgSHIOK2026\.venv\Lib\site-packages\_pytest\_io\terminalwriter.py", line 37, in should_do_markup
    if os.environ.get("PY_COLORS") == "1":
       ^^^^^^^^^^^^^^^^^^^^^^^^^^^
  File "C:\sgSHIOK2026\tests\test_source_metadata_cli.py", line 46, in get
    forbidden()
  File "C:\sgSHIOK2026\tests\test_source_metadata_cli.py", line 42, in forbidden
    raise AssertionError("Invalid CLI initialization must not construct a client or run")
AssertionError: Invalid CLI initialization must not construct a client or run
FFFFFFFFFFFF
12 failed, 61 deselected in 1.69s
