PASS plain homepage has a basemap and no route error ""
PASS no score or geometry fetch before search []
PASS stable empty-390x844 ""
PASS brand above left search 390 ""
PASS icon inside field 390 ""
PASS bottom-right disclosure and visible attribution 390 ""
PASS stable empty-320x667 ""
PASS brand above left search 320 ""
PASS icon inside field 320 ""
PASS bottom-right disclosure and visible attribution 320 ""
PASS stable empty-1440x950 ""
PASS brand above left search 1440 ""
PASS icon inside field 1440 ""
PASS bottom-right disclosure and visible attribution 1440 ""
PASS stable about-expanded ""
PASS expanded About data fits and contains source details ""
PASS real postal input is focused and valid {"value":"018956","focused":"postal-search-input","valid":true}
PASS keyboard Enter submits the form ["Enter","submit"]
PASS stable selected-390x844 ""
PASS brand above left search 390 ""
PASS icon inside field 390 ""
PASS bottom-right disclosure and visible attribution 390 ""
PASS result below search with same width 390 ""
PASS current selected route 390 ""
PASS result clears About dock 390 ""
PASS stable selected-390x667 ""
PASS brand above left search 390 ""
PASS icon inside field 390 ""
PASS bottom-right disclosure and visible attribution 390 ""
PASS result below search with same width 390 ""
PASS current selected route 390 ""
PASS result clears About dock 390 ""
PASS stable selected-320x667 ""
PASS brand above left search 320 ""
PASS icon inside field 320 ""
PASS bottom-right disclosure and visible attribution 320 ""
PASS result below search with same width 320 ""
PASS current selected route 320 ""
PASS result clears About dock 320 ""
PASS stable selected-1440x950 ""
PASS brand above left search 1440 ""
PASS icon inside field 1440 ""
PASS bottom-right disclosure and visible attribution 1440 ""
PASS result below search with same width 1440 ""
PASS current selected route 1440 ""
PASS stable details-expanded-320x667 ""
PASS brand above left search 320 ""
PASS icon inside field 320 ""
PASS bottom-right disclosure and visible attribution 320 ""
PASS result below search with same width 320 ""
PASS expanded stack preserves usable map height ""
PASS stable selected-about ""
PASS data disclosure does not compete with result panel ""
PASS stable return-home-worker-enabled ""
PASS normal returning homepage still shows map ""
PASS stable shared-postal-worker-enabled ""
PASS normal worker-controlled shared link shows route ""
PASS no uncaught application exceptions []
